../Core/Src/main.c:104:5:main	104	static
../Core/Src/main.c:207:6:SystemClock_Config	96	static
../Core/Src/main.c:266:13:MX_I2C1_Init	8	static
../Core/Src/main.c:314:13:MX_LPUART1_UART_Init	8	static
../Core/Src/main.c:348:13:MX_RTC_Init	8	static
../Core/Src/main.c:384:13:MX_SPI1_Init	8	static
../Core/Src/main.c:424:13:MX_USB_OTG_FS_PCD_Init	8	static
../Core/Src/main.c:459:13:MX_GPIO_Init	48	static
../Core/Src/main.c:532:6:BQ76940_set_register	32	static
../Core/Src/main.c:548:6:BQ76940_get_register	32	static
../Core/Src/main.c:565:10:BQ76940_get_HILO_register	48	static
../Core/Src/main.c:608:6:BQ76940_SHIPMODE	40	static
../Core/Src/main.c:626:6:STM32L432KB_LP_STOP2	8	static
../Core/Src/main.c:642:6:HAL_GPIO_EXTI_Callback	32	static
../Core/Src/main.c:659:6:Error_Handler	4	static,ignoring_inline_asm
