../Core/Src/EPD_2in66.c:57:13:EPD_2IN66_Reset	8	static
../Core/Src/EPD_2in66.c:72:13:EPD_2IN66_SendCommand	16	static
../Core/Src/EPD_2in66.c:85:13:EPD_2IN66_SendData	16	static
../Core/Src/EPD_2in66.c:97:6:EPD_2IN66_ReadBusy	8	static
../Core/Src/EPD_2in66.c:113:13:EPD_2IN66_TurnOnDisplay	8	static
../Core/Src/EPD_2in66.c:124:13:EPD_2IN66_SetLUA	16	static
../Core/Src/EPD_2in66.c:138:6:EPD_2IN66_Init	8	static
../Core/Src/EPD_2in66.c:166:6:EPD_2IN66_Init_Partial	8	static
../Core/Src/EPD_2in66.c:213:6:EPD_2IN66_Clear	16	static
../Core/Src/EPD_2in66.c:231:6:EPD_2IN66_Display	32	static
../Core/Src/EPD_2in66.c:254:6:EPD_2IN66_Sleep	8	static
