../Core/Src/GUI_Paint.c:92:6:Paint_NewImage	24	static
../Core/Src/GUI_Paint.c:124:6:Paint_SelectImage	16	static
../Core/Src/GUI_Paint.c:134:6:Paint_SetRotate	16	static
../Core/Src/GUI_Paint.c:144:6:Paint_SetScale	16	static
../Core/Src/GUI_Paint.c:165:6:Paint_SetMirroring	16	static
../Core/Src/GUI_Paint.c:184:6:Paint_SetPixel	48	static
../Core/Src/GUI_Paint.c:263:6:Paint_Clear	40	static
../Core/Src/GUI_Paint.c:298:6:Paint_ClearWindows	32	static
../Core/Src/GUI_Paint.c:317:6:Paint_DrawPoint	32	static
../Core/Src/GUI_Paint.c:357:6:Paint_DrawLine	64	static
../Core/Src/GUI_Paint.c:415:6:Paint_DrawRectangle	48	static
../Core/Src/GUI_Paint.c:448:6:Paint_DrawCircle	40	static
../Core/Src/GUI_Paint.c:517:6:Paint_DrawChar	40	static
../Core/Src/GUI_Paint.c:566:6:Paint_DrawString_EN	40	static
../Core/Src/GUI_Paint.c:611:6:Paint_DrawString_CN	56	static
../Core/Src/GUI_Paint.c:707:6:Paint_DrawNum	560	static
../Core/Src/GUI_Paint.c:748:6:Paint_DrawTime	48	static
../Core/Src/GUI_Paint.c:774:6:Paint_DrawBitMap	24	static
../Core/Src/GUI_Paint.c:799:6:Paint_DrawBitMap_Paste	40	static
../Core/Src/GUI_Paint.c:893:6:Paint_DrawBitMap_Block	24	static
